// Jest Snapshot v1, https://goo.gl/fbAQLP

exports[`EventsQueries getEvent should return nothing if the requested event does not exist 1`] = `undefined`;

exports[`EventsQueries getEvent should return the requested event correctly 1`] = `
Object {
  "comment": "Lorem ipsum dolor sit amet",
  "id": "6ee1e9e0-1b79-49dd-b326-09e992430c31",
  "room": null,
  "session": null,
  "spanRow": true,
  "title": "LUNCH",
}
`;
